<form action="/" method="post" id="frm-editControl-form">

<table>
<tr>
	<th><label for="frm-editControl-form-username">Username</label></th>

	<td><input type="text" name="username" id="frm-editControl-form-username" value="foo" class="text"></td>
</tr>

<tr>
	<th><label for="frm-editControl-form-email">E-mail</label></th>

	<td><input type="text" name="email" id="frm-editControl-form-email" value="foo&#64;bar" class="text"></td>
</tr>

<tr>
	<th></th>

	<td><input type="submit" name="ok" value="Save" class="button"></td>
</tr>
</table>

<div><input type="hidden" name="do" value="editControl-form-submit"></div>
</form>
